---
sidebar: sidebar 
permalink: backup/hana-sc-vmfs-asar2-hana-prov.html 
keywords: SAP HANA, VMware, SnapCenter, backup and recovery 
summary:  
---
= HANA 系統資源配置與安裝
:hardbreaks:
:allow-uri-read: 
:nofooter: 
:icons: font
:linkattrs: 
:imagesdir: ../media/


本章說明使用 VMFS 的 VMware 設定所特有的 SAP HANA 系統安裝與組態。其他一般最佳實務做法請參閱 https://docs.netapp.com/us-en/netapp-solutions-sap/bp/hana-asa-fc-introduction.html["採用ASA Fibre Channel Protocol的NetApp解決方案上的SAP HANA"]。



== 儲存組態

為了滿足 SAP 為生產 HANA 系統定義的儲存效能 KPI，必須為 HANA 系統的資料和日誌檔案系統配置專用 LUN 和資料儲存區。資料儲存區不得在多個 HANA 系統或其他工作負載之間共用。

已使用適用於 VMware (OTV) 的ONTAP工具為 HANA 系統 VFS 配置三個資料儲存庫。

* hana++_++資料++_++VFS
* hana++_++log++_++VFS
* hana++_++共享++_++VFS



NOTE: HANA 共用檔案系統的資料儲存也可以在多個 HANA 系統之間共用。

image:sc-hana-asrr2-vmfs-image2.png["圖示範所討論的內容"]

在儲存系統中，OTV 建立了三個 LUN。

image:sc-hana-asrr2-vmfs-image3.png["圖示範所討論的內容"]



== VM 磁碟組態

必須向 HANA VM 新增三個新磁碟 (VMDK)。每個磁碟都位於先前建立的資料儲存區中，如下圖所示。

image:sc-hana-asrr2-vmfs-image4.png["圖示範所討論的內容"]

image:sc-hana-asrr2-vmfs-image5.png["圖示範所討論的內容"]

image:sc-hana-asrr2-vmfs-image6.png["圖示範所討論的內容"]

當這三個磁碟被添加到虛擬機器後，它們可以在作業系統層級列出。

....
hana-8:~ # lsblk
NAME MAJ:MIN RM SIZE RO TYPE MOUNTPOINTS
sda 8:0 0 100G 0 disk
├─sda1 8:1 0 256M 0 part /boot/efi
└─sda2 8:2 0 82G 0 part
├─system-root 254:0 0 60G 0 lvm /root
│ /var
│ /usr/local
│ /tmp
│ /srv
│ /opt
│ /home
│ /boot/grub2/x86++_++64-efi
│ /boot/grub2/i386-pc
│ /.snapshots
│ /
└─system-swap 254:1 0 2G 0 lvm [SWAP]
sdb 8:16 0 95G 0 disk
sdc 8:32 0 95G 0 disk
sdd 8:48 0 95G 0 disk
sr0 11:0 1 17.1G 0 rom
....


== VM 參數 disk.EnableUUID

必須相應地設定此參數，否則SnapCenter資料庫自動發現將失敗。

. 關閉虛擬機
. 新增參數“disk.EnableUUID”並設定為“TRUE”
. 啟動虛擬機


image:sc-hana-asrr2-vmfs-image7.png["圖示範所討論的內容"]



== Linux 主機上的檔案系統準備工作



=== 在新磁碟上建立 xfs 檔案系統

已在三個新磁碟的每個磁碟上建立 xfs 檔案系統。

....
hana-8:~ # mkfs.xfs /dev/sdb
meta-data=/dev/sdb isize=512 agcount=4, agsize=6225920 blks
= sectsz=512 attr=2, projid32bit=1
= crc=1 finobt=1, sparse=1, rmapbt=1
= reflink=1 bigtime=1 inobtcount=0 nrext64=0
data = bsize=4096 blocks=24903680, imaxpct=25
= sunit=0 swidth=0 blks
naming =version 2 bsize=4096 ascii-ci=0, ftype=1
log =internal log bsize=4096 blocks=16384, version=2
= sectsz=512 sunit=0 blks, lazy-count=1
realtime =none extsz=4096 blocks=0, rtextents=0
Discarding blocks...Done.

hana-8:~ # mkfs.xfs /dev/sdc
meta-data=/dev/sdc isize=512 agcount=4, agsize=6225920 blks
= sectsz=512 attr=2, projid32bit=1
= crc=1 finobt=1, sparse=1, rmapbt=1
= reflink=1 bigtime=1 inobtcount=0 nrext64=0
data = bsize=4096 blocks=24903680, imaxpct=25
= sunit=0 swidth=0 blks
naming =version 2 bsize=4096 ascii-ci=0, ftype=1
log =internal log bsize=4096 blocks=16384, version=2
= sectsz=512 sunit=0 blks, lazy-count=1
realtime =none extsz=4096 blocks=0, rtextents=0
Discarding blocks...Done.

hana-8:~ # mkfs.xfs /dev/sdd
meta-data=/dev/sdd isize=512 agcount=4, agsize=6225920 blks
= sectsz=512 attr=2, projid32bit=1
= crc=1 finobt=1, sparse=1, rmapbt=1
= reflink=1 bigtime=1 inobtcount=0 nrext64=0
data = bsize=4096 blocks=24903680, imaxpct=25
= sunit=0 swidth=0 blks
naming =version 2 bsize=4096 ascii-ci=0, ftype=1
log =internal log bsize=4096 blocks=16384, version=2
= sectsz=512 sunit=0 blks, lazy-count=1
realtime =none extsz=4096 blocks=0, rtextents=0
Discarding blocks...Done.

hana-8:~ #
....


=== 建立掛載點

....
hana-8:/ # mkdir -p /hana/data/VFS/mnt00001
hana-8:/ # mkdir -p /hana/log/VFS/mnt00001
hana-8:/ # mkdir -p /hana/shared
hana-8:/ # chmod –R 777 /hana/log/SMA
hana-8:/ # chmod –R 777 /hana/data/SMA
hana-8:/ # chmod -R 777 /hana/shared
....


=== 設定 /etc/fstab

....
hana-8:/ # cat /etc/fstab

/dev/system/root / btrfs defaults 0 0
/dev/system/root /var btrfs subvol=/@/var 0 0
/dev/system/root /usr/local btrfs subvol=/@/usr/local 0 0
/dev/system/root /tmp btrfs subvol=/@/tmp 0 0
/dev/system/root /srv btrfs subvol=/@/srv 0 0
/dev/system/root /root btrfs subvol=/@/root 0 0
/dev/system/root /opt btrfs subvol=/@/opt 0 0
/dev/system/root /home btrfs subvol=/@/home 0 0
/dev/system/root /boot/grub2/x86++_++64-efi btrfs subvol=/@/boot/grub2/x86++_++64-efi 0 0
/dev/system/root /boot/grub2/i386-pc btrfs subvol=/@/boot/grub2/i386-pc 0 0
/dev/system/swap swap swap defaults 0 0
/dev/system/root /.snapshots btrfs subvol=/@/.snapshots 0 0
UUID=FB79-24DC /boot/efi vfat utf8 0 2
### SAPCC_share
192.168.175.86:/sapcc_share /mnt/sapcc-share nfs rw,vers=3,hard,timeo=600,rsize=1048576,wsize=1048576,intr,noatime,nolock 0 0
/dev/sdb /hana/data/VFS/mnt00001 xfs relatime,inode64 0 0
/dev/sdc /hana/log/VFS/mnt00001 xfs relatime,inode64 0 0
/dev/sdd /hana/shared xfs defaults 0 0
hana-8:/ #

hana-8:/ # df -h
Filesystem Size Used Avail Use% Mounted on
/dev/mapper/system-root 60G 4.4G 54G 8% /
devtmpfs 4.0M 0 4.0M 0% /dev
tmpfs 49G 0 49G 0% /dev/shm
efivarfs 256K 57K 195K 23% /sys/firmware/efi/efivars
tmpfs 13G 18M 13G 1% /run
tmpfs 1.0M 0 1.0M 0% /run/credentials/systemd-tmpfiles-setup-dev-early.service
tmpfs 1.0M 0 1.0M 0% /run/credentials/systemd-sysctl.service
tmpfs 1.0M 0 1.0M 0% /run/credentials/systemd-tmpfiles-setup-dev.service
tmpfs 1.0M 0 1.0M 0% /run/credentials/systemd-vconsole-setup.service
/dev/mapper/system-root 60G 4.4G 54G 8% /.snapshots
/dev/mapper/system-root 60G 4.4G 54G 8% /boot/grub2/i386-pc
/dev/mapper/system-root 60G 4.4G 54G 8% /boot/grub2/x86++_++64-efi
/dev/mapper/system-root 60G 4.4G 54G 8% /home
/dev/mapper/system-root 60G 4.4G 54G 8% /opt
/dev/mapper/system-root 60G 4.4G 54G 8% /srv
/dev/mapper/system-root 60G 4.4G 54G 8% /tmp
/dev/mapper/system-root 60G 4.4G 54G 8% /usr/local
/dev/mapper/system-root 60G 4.4G 54G 8% /var
/dev/sda1 253M 5.9M 247M 3% /boot/efi
/dev/mapper/system-root 60G 4.4G 54G 8% /root
tmpfs 1.0M 0 1.0M 0% /run/credentials/systemd-tmpfiles-setup.service
tmpfs 6.3G 72K 6.3G 1% /run/user/464
tmpfs 1.0M 0 1.0M 0% /run/credentials/getty@tty1.service
tmpfs 6.3G 52K 6.3G 1% /run/user/0
192.168.175.86:/sapcc_share 1.4T 840G 586G 59% /mnt/sapcc-share
/dev/sdb 95G 1.9G 94G 2% /hana/data/VFS/mnt00001
/dev/sdc 95G 1.9G 94G 2% /hana/log/VFS/mnt00001
/dev/sdd 95G 1.9G 94G 2% /hana/shared

hana-8:/ #
....


== HANA 安裝

HANA 安裝現在可以執行。


NOTE: 依照所述配置，/usr/sap/VFS 目錄將位於 OS VMDK 上。如果要將 /usr/sap/VFS 儲存在共用 VMDK 中，則可以對 hana 共用磁碟進行分割區，以便為 /usr/sap/VFS 提供另一個檔案系統。
